// Jest Snapshot v1, https://goo.gl/fbAQLP

exports[`Checkbox should render as disabled 1`] = `
"<Fragment>
  <WithRipple(Checkbox) className=\\"switch\\" checked={true} disabled={true} nativeControlId=\\"mockName\\" name=\\"mockName\\" onChange={[Function]} style={{...}} value={true} unbounded={true} onMouseDown={[Function: onMouseDown]} onMouseUp={[Function: onMouseUp]} onTouchStart={[Function: onTouchStart]} onTouchEnd={[Function: onTouchEnd]} onKeyDown={[Function: onKeyDown]} onKeyUp={[Function: onKeyUp]} onFocus={[Function: onFocus]} onBlur={[Function: onBlur]} indeterminate={false} initRipple={[Function: initRipple]} />
  <label htmlFor=\\"mockName\\" />
</Fragment>"
`;

exports[`Checkbox should render correctly with the prop checked 1`] = `
"<Fragment>
  <WithRipple(Checkbox) className=\\"switch\\" checked={true} disabled={false} nativeControlId=\\"mockName\\" name=\\"mockName\\" onChange={[Function]} style={{...}} value={true} unbounded={true} onMouseDown={[Function: onMouseDown]} onMouseUp={[Function: onMouseUp]} onTouchStart={[Function: onTouchStart]} onTouchEnd={[Function: onTouchEnd]} onKeyDown={[Function: onKeyDown]} onKeyUp={[Function: onKeyUp]} onFocus={[Function: onFocus]} onBlur={[Function: onBlur]} indeterminate={false} initRipple={[Function: initRipple]} />
  <label htmlFor=\\"mockName\\" />
</Fragment>"
`;

exports[`Checkbox should render with the correct props 1`] = `
"<Fragment>
  <WithRipple(Checkbox) className=\\"switch mock-class\\" checked={false} disabled={false} nativeControlId=\\"mockName\\" name=\\"mockName\\" onChange={[Function]} style={{...}} value={true} unbounded={true} onMouseDown={[Function: onMouseDown]} onMouseUp={[Function: onMouseUp]} onTouchStart={[Function: onTouchStart]} onTouchEnd={[Function: onTouchEnd]} onKeyDown={[Function: onKeyDown]} onKeyUp={[Function: onKeyUp]} onFocus={[Function: onFocus]} onBlur={[Function: onBlur]} indeterminate={false} initRipple={[Function: initRipple]} />
  <label htmlFor=\\"mockName\\" />
</Fragment>"
`;
