// Jest Snapshot v1, https://goo.gl/fbAQLP

exports[`withFormControl should pass fromState to the warapped component 1`] = `
<MockComponent
  className="mock-class"
  name="mockName"
>
  <FormFieldControlled
    className="mock-class"
    name="mockName"
  >
    <MockComponentWrapped
      className="mock-class"
      formState={
        Object {
          "formDisabled": false,
          "getFieldValue": [Function],
          "getFieldValues": [Function],
          "initialSubmit": false,
          "setFieldError": [Function],
          "setFieldValue": [Function],
          "setFieldValueDebounced": [Function],
          "unsetFieldError": [Function],
        }
      }
      name="mockName"
    >
      <div />
    </MockComponentWrapped>
  </FormFieldControlled>
</MockComponent>
`;
