// Jest Snapshot v1, https://goo.gl/fbAQLP

exports[`withSwitchControl should render a component and correct props are set 1`] = `
<MockComponent
  className="mock-class"
  name="mockName"
>
  <FormFieldControlled
    className="mock-class"
    name="mockName"
  >
    <SwitchControlled
      className="mock-class"
      formState={
        Object {
          "formDisabled": false,
          "getFieldError": [MockFunction],
          "getFieldValue": [MockFunction] {
            "calls": Array [
              Array [
                "mockName",
              ],
            ],
            "results": Array [
              Object {
                "isThrow": false,
                "value": undefined,
              },
            ],
          },
          "initialSubmit": false,
          "setFieldValidators": [MockFunction],
          "setFieldValue": [MockFunction],
          "setFieldValueDebounced": [MockFunction],
          "shouldDisable": [MockFunction],
        }
      }
      name="mockName"
      onChange={[Function]}
      value={true}
    >
      <div
        className="mdc-form-field mock-class"
      >
        <MockComponentWrapped
          checked={false}
          className="mock-class"
          name="mockName"
          onChange={[Function]}
          value={true}
        >
          <div />
        </MockComponentWrapped>
      </div>
    </SwitchControlled>
  </FormFieldControlled>
</MockComponent>
`;
